// Jest Snapshot v1, https://goo.gl/fbAQLP

exports[`MyRocketss render Mission Components 1`] = `[Function]`;
