// Jest Snapshot v1, https://goo.gl/fbAQLP

exports[`MyMissions render My Missions Components 1`] = `[Function]`;
