// Jest Snapshot v1, https://goo.gl/fbAQLP

exports[`Navbar render Navbar Components 1`] = `[Function]`;
