// Jest Snapshot v1, https://goo.gl/fbAQLP

exports[`MyRocketss render My Rockets Components 1`] = `[Function]`;
